// Jest Snapshot v1, https://goo.gl/fbAQLP

exports[`AppComponent should create 1`] = `
<fst-root
  links={[Function Array]}
  navService={[Function NavService]}
>
  <div
    id="fstlayout"
  >
    <header
      id="fst-header"
    >
      <nav
        id="fst-nav"
      />
    </header>
    <aside
      id="fst-sidebar"
    />
    <main
      id="fst-main"
    >
      <router-outlet />
    </main>
  </div>
</fst-root>
`;
